// *** ERROR TEST: Invalid tokens for error testing ***
function test_errors is
begin
  // This should cause lexical errors
  invalid_symbol_@ # $ %
  number x = 123.456.789  // Invalid real number
  character bad_char = 'abc'  // Invalid character literal
end 